// Jest Snapshot v1, https://goo.gl/fbAQLP

exports[`BuildContent when posts has valid content should build valid json 1`] = `
Array [
  Object {
    "attributes": Object {
      "date": "2020-04-05T00:00:00.000Z",
      "description": "test_description",
      "id": "test_id",
      "image": "test_image_url",
      "title": "test_title",
    },
    "body": "## Some_title_1

### Some_title_2

Some_simple_text
",
    "bodyBegin": 9,
    "frontmatter": "id: test_id
title: test_title
date: '2020-04-05T00:00:00.000Z'
image: test_image_url
description: test_description",
    "html": "<h2 id=\\"some_title_1\\">Some<em>title</em>1</h2>
<h3 id=\\"some_title_2\\">Some<em>title</em>2</h3>
<p>Some<em>simple</em>text</p>",
  },
]
`;
